../Drivers/STM32WBxx_HAL_Driver/Inc/stm32wbxx_ll_rcc.h:1679:22:LL_RCC_LSE_SetDriveCapability	16	static
../Drivers/STM32WBxx_HAL_Driver/Inc/stm32wbxx_ll_bus.h:539:22:LL_AHB2_GRP1_EnableClock	24	static
../Core/Src/main.c:95:7:recieve16Bit	16	static
../Core/Src/main.c:104:6:getStartInput	16	static
../Core/Src/main.c:132:6:calculateTestTimes	48	static
../Core/Src/main.c:144:6:sendInterrupt	8	static
../Core/Src/main.c:149:6:testUsingInterrupts	32	static
../Core/Src/main.c:168:6:testUsingIntervals	24	static
../Core/Src/main.c:182:6:addDataToNewFile	128	static
../Core/Src/main.c:207:5:main	96	dynamic
../Core/Src/main.c:279:6:SystemClock_Config	112	static
../Core/Src/main.c:347:6:PeriphCommonClock_Config	88	static
../Core/Src/main.c:371:13:MX_RTC_Init	32	static
../Core/Src/main.c:436:13:MX_SPI1_Init	8	static
../Core/Src/main.c:475:13:MX_TIM2_Init	40	static
../Core/Src/main.c:520:13:MX_USB_PCD_Init	8	static
../Core/Src/main.c:553:13:MX_GPIO_Init	32	static
../Core/Src/main.c:606:6:HAL_GPIO_EXTI_Callback	16	static
../Core/Src/main.c:636:6:Error_Handler	4	static,ignoring_inline_asm
