../Drivers/STM32WBxx_HAL_Driver/Inc/stm32wbxx_ll_rcc.h:1679:22:LL_RCC_LSE_SetDriveCapability	16	static
../Drivers/STM32WBxx_HAL_Driver/Inc/stm32wbxx_ll_bus.h:539:22:LL_AHB2_GRP1_EnableClock	24	static
../Core/Src/main.c:95:7:recieve16Bit	16	static
../Core/Src/main.c:104:7:send16Bit	16	static
../Core/Src/main.c:112:6:getStartInput	16	static
../Core/Src/main.c:139:6:sendTestData	32	static
../Core/Src/main.c:163:6:sendData	32	static
../Core/Src/main.c:173:6:calculateTestTimes	48	static
../Core/Src/main.c:186:6:sendInterrupt	8	static
../Core/Src/main.c:191:6:testUsingInterrupts	24	static
../Core/Src/main.c:208:6:testUsingIntervals	24	static
../Core/Src/main.c:225:6:addDataToNewFile	128	static
../Core/Src/main.c:250:5:main	96	dynamic
../Core/Src/main.c:322:6:SystemClock_Config	112	static
../Core/Src/main.c:390:6:PeriphCommonClock_Config	88	static
../Core/Src/main.c:414:13:MX_RTC_Init	32	static
../Core/Src/main.c:479:13:MX_SPI1_Init	8	static
../Core/Src/main.c:518:13:MX_TIM2_Init	40	static
../Core/Src/main.c:563:13:MX_USB_PCD_Init	8	static
../Core/Src/main.c:596:13:MX_GPIO_Init	32	static
../Core/Src/main.c:649:6:HAL_GPIO_EXTI_Callback	16	static
../Core/Src/main.c:681:6:Error_Handler	4	static,ignoring_inline_asm
