../Drivers/STM32WBxx_HAL_Driver/Inc/stm32wbxx_ll_bus.h:539:22:LL_AHB2_GRP1_EnableClock	24	static
../Core/Src/main.c:85:6:load_and_print_data	272	static
../Core/Src/main.c:120:6:lightsleep_test_runner	128	static
../Core/Src/main.c:152:6:deepsleep_test_runner	128	static
../Core/Src/main.c:195:6:send_settings_spi	32	static
../Core/Src/main.c:227:11:receive_data_SPI	64	dynamic
../Core/Src/main.c:262:5:main	8	static
../Core/Src/main.c:311:6:SystemClock_Config	112	static
../Core/Src/main.c:357:6:PeriphCommonClock_Config	88	static
../Core/Src/main.c:381:13:MX_RTC_Init	32	static
../Core/Src/main.c:460:13:MX_SPI1_Init	8	static
../Core/Src/main.c:500:13:MX_TIM2_Init	40	static
../Core/Src/main.c:545:13:MX_GPIO_Init	32	static
../Core/Src/main.c:601:6:blinky	8	static
../Core/Src/main.c:606:6:lightsleep_test	24	static
../Core/Src/main.c:621:6:lightsleep_blinky_test	64	dynamic
../Core/Src/main.c:638:6:deepsleep_test	16	static
../Core/Src/main.c:652:6:Error_Handler	4	static,ignoring_inline_asm
