../Drivers/STM32WBxx_HAL_Driver/Inc/stm32wbxx_ll_bus.h:539:22:LL_AHB2_GRP1_EnableClock	24	static
../Core/Src/main.c:81:6:load_and_print_data	272	static
../Core/Src/main.c:116:6:send_start_signal	8	static
../Core/Src/main.c:120:6:send_stop_signal	8	static
../Core/Src/main.c:125:6:lightsleep_test	24	static
../Core/Src/main.c:140:6:HAL_TIM_PeriodElapsedCallback	16	static
../Core/Src/main.c:150:6:lightsleep_test_interrupt	16	static
../Core/Src/main.c:163:6:lightsleep_test_runner	128	static
../Core/Src/main.c:195:6:deepsleep_test_runner	128	static
../Core/Src/main.c:238:7:send16Bit	16	static
../Core/Src/main.c:245:7:recieve16Bit	16	static
../Core/Src/main.c:251:6:send_settings_spi	24	static
../Core/Src/main.c:277:11:receive_data_SPI	64	dynamic
../Core/Src/main.c:310:5:main	16	static
../Core/Src/main.c:369:6:SystemClock_Config	112	static
../Core/Src/main.c:413:6:PeriphCommonClock_Config	88	static
../Core/Src/main.c:437:13:MX_SPI1_Init	8	static
../Core/Src/main.c:477:13:MX_TIM2_Init	40	static
../Core/Src/main.c:521:13:MX_GPIO_Init	32	static
../Core/Src/main.c:587:6:blinky	8	static
../Core/Src/main.c:592:6:lightsleep_blinky_test	64	dynamic
../Core/Src/main.c:609:6:deepsleep_test	16	static
../Core/Src/main.c:630:6:Error_Handler	4	static,ignoring_inline_asm
