../Drivers/STM32WBxx_HAL_Driver/Inc/stm32wbxx_ll_rcc.h:1679:22:LL_RCC_LSE_SetDriveCapability	16	static
../Drivers/STM32WBxx_HAL_Driver/Inc/stm32wbxx_ll_bus.h:539:22:LL_AHB2_GRP1_EnableClock	24	static
../Core/Src/main.c:76:5:main	8	static
../Core/Src/main.c:130:6:SystemClock_Config	112	static
../Core/Src/main.c:196:6:PeriphCommonClock_Config	88	static
../Core/Src/main.c:220:13:MX_I2C1_Init	8	static
../Core/Src/main.c:268:13:MX_USB_PCD_Init	8	static
../Core/Src/main.c:301:13:MX_GPIO_Init	32	static
../Core/Src/main.c:350:6:Error_Handler	4	static,ignoring_inline_asm
