../Drivers/STM32WBxx_HAL_Driver/Inc/stm32wbxx_ll_rcc.h:1679:22:LL_RCC_LSE_SetDriveCapability	16	static
../Drivers/STM32WBxx_HAL_Driver/Inc/stm32wbxx_ll_bus.h:539:22:LL_AHB2_GRP1_EnableClock	24	static
../Core/Src/main.c:83:6:load_and_print_data	272	static
../Core/Src/main.c:118:6:send_start_signal	8	static
../Core/Src/main.c:122:6:send_stop_signal	8	static
../Core/Src/main.c:127:6:stop_mode_with_rtc_wakeup	32	static
../Core/Src/main.c:182:6:lightsleep_test_interrupt	16	static
../Core/Src/main.c:195:6:lightsleep_test_runner	128	static
../Core/Src/main.c:227:6:deepsleep_test_runner	128	static
../Core/Src/main.c:270:7:send16Bit	16	static
../Core/Src/main.c:277:7:recieve16Bit	16	static
../Core/Src/main.c:283:6:send_settings_spi	24	static
../Core/Src/main.c:308:11:receive_data_SPI	64	dynamic
../Core/Src/main.c:341:5:main	16	static
../Core/Src/main.c:401:6:SystemClock_Config	112	static
../Core/Src/main.c:452:6:PeriphCommonClock_Config	88	static
../Core/Src/main.c:476:13:MX_RTC_Init	8	static
../Core/Src/main.c:519:13:MX_SPI1_Init	8	static
../Core/Src/main.c:559:13:MX_GPIO_Init	32	static
../Core/Src/main.c:625:6:blinky	8	static
../Core/Src/main.c:630:6:lightsleep_blinky_test	64	dynamic
../Core/Src/main.c:647:6:deepsleep_test	16	static
../Core/Src/main.c:668:6:Error_Handler	4	static,ignoring_inline_asm
