../Drivers/STM32WBxx_HAL_Driver/Inc/stm32wbxx_ll_rcc.h:1679:22:LL_RCC_LSE_SetDriveCapability	16	static
../Drivers/STM32WBxx_HAL_Driver/Inc/stm32wbxx_ll_bus.h:539:22:LL_AHB2_GRP1_EnableClock	24	static
../Core/Src/main.c:82:6:load_and_print_data	272	static
../Core/Src/main.c:117:6:send_start_signal	8	static
../Core/Src/main.c:121:6:send_stop_signal	8	static
../Core/Src/main.c:126:6:lightsleep	56	static
../Core/Src/main.c:158:6:lightsleep_test_interrupt	24	static
../Core/Src/main.c:176:6:lightsleep_test_runner	128	static
../Core/Src/main.c:208:6:deepsleep_test_runner	128	static
../Core/Src/main.c:251:7:send16Bit	16	static
../Core/Src/main.c:258:7:recieve16Bit	16	static
../Core/Src/main.c:264:6:send_settings_spi	24	static
../Core/Src/main.c:289:11:receive_data_SPI	64	dynamic
../Core/Src/main.c:322:5:main	16	static
../Core/Src/main.c:382:6:SystemClock_Config	112	static
../Core/Src/main.c:433:6:PeriphCommonClock_Config	88	static
../Core/Src/main.c:457:13:MX_RTC_Init	8	static
../Core/Src/main.c:500:13:MX_SPI1_Init	8	static
../Core/Src/main.c:540:13:MX_GPIO_Init	32	static
../Core/Src/main.c:606:6:HAL_GPIO_EXTI_Callback	16	static,ignoring_inline_asm
../Core/Src/main.c:616:6:deepsleep_test	16	static
../Core/Src/main.c:628:6:Error_Handler	4	static,ignoring_inline_asm
