../Drivers/STM32WBxx_HAL_Driver/Inc/stm32wbxx_ll_bus.h:539:22:LL_AHB2_GRP1_EnableClock	24	static
../Core/Src/main.c:82:5:main	8	static
../Core/Src/main.c:142:6:SystemClock_Config	112	static
../Core/Src/main.c:188:6:PeriphCommonClock_Config	88	static
../Core/Src/main.c:212:13:MX_I2C1_Init	8	static
../Core/Src/main.c:260:13:MX_RTC_Init	32	static
../Core/Src/main.c:339:13:MX_GPIO_Init	32	static
../Core/Src/main.c:387:6:I2C1_EV_IRQHandler	48	static
../Core/Src/main.c:405:6:SysTick_Handler	4	static
../Core/Src/main.c:416:6:Error_Handler	4	static,ignoring_inline_asm
