../Drivers/STM32WBxx_HAL_Driver/Inc/stm32wbxx_ll_bus.h:539:22:LL_AHB2_GRP1_EnableClock	24	static
../Core/Src/main.c:83:5:main	16	static
../Core/Src/main.c:148:6:SystemClock_Config	112	static
../Core/Src/main.c:194:6:PeriphCommonClock_Config	88	static
../Core/Src/main.c:218:13:MX_I2C1_Init	8	static
../Core/Src/main.c:268:13:MX_RTC_Init	32	static
../Core/Src/main.c:347:13:MX_GPIO_Init	32	static
../Core/Src/main.c:396:6:HAL_I2C_SlaveRxCpltCallback	16	static
../Core/Src/main.c:402:6:blink_led	8	static
../Core/Src/main.c:416:6:Error_Handler	4	static,ignoring_inline_asm
