../Drivers/CMSIS/Include/core_cm4.h:1933:34:__NVIC_SystemReset	4	static,ignoring_inline_asm
../Drivers/STM32WBxx_HAL_Driver/Inc/stm32wbxx_ll_bus.h:539:22:LL_AHB2_GRP1_EnableClock	24	static
../Core/Src/main.c:84:6:load_and_print_data	272	static
../Core/Src/main.c:119:6:send_start_signal	8	static
../Core/Src/main.c:124:6:lightsleep_test	24	static
../Core/Src/main.c:145:6:lightsleep_test_interrupt	16	static
../Core/Src/main.c:158:6:lightsleep_test_runner	128	static
../Core/Src/main.c:190:6:deepsleep_test_runner	128	static
../Core/Src/main.c:233:6:send_settings_spi	32	static
../Core/Src/main.c:268:11:receive_data_SPI	64	dynamic
../Core/Src/main.c:301:5:main	16	static
../Core/Src/main.c:366:6:SystemClock_Config	112	static
../Core/Src/main.c:412:6:PeriphCommonClock_Config	88	static
../Core/Src/main.c:436:13:MX_RTC_Init	32	static
../Core/Src/main.c:515:13:MX_SPI1_Init	8	static
../Core/Src/main.c:555:13:MX_TIM2_Init	40	static
../Core/Src/main.c:600:13:MX_GPIO_Init	32	static
../Core/Src/main.c:662:6:blinky	8	static
../Core/Src/main.c:667:6:lightsleep_blinky_test	64	dynamic
../Core/Src/main.c:684:6:deepsleep_test	16	static
../Core/Src/main.c:690:6:HAL_GPIO_EXTI_Callback	16	static
../Core/Src/main.c:705:6:Error_Handler	4	static,ignoring_inline_asm
