../Drivers/STM32WBxx_HAL_Driver/Inc/stm32wbxx_ll_rcc.h:1679:22:LL_RCC_LSE_SetDriveCapability	16	static
../Drivers/STM32WBxx_HAL_Driver/Inc/stm32wbxx_ll_bus.h:539:22:LL_AHB2_GRP1_EnableClock	24	static
../Core/Src/main.c:89:6:load_and_print_data	272	static
../Core/Src/main.c:124:6:send_start_signal	8	static
../Core/Src/main.c:129:6:send_stop_signal	8	static
../Core/Src/main.c:134:6:lightsleep_test_interval	56	static
../Core/Src/main.c:167:6:lightsleep_test_interrupt	8	static
../Core/Src/main.c:178:6:deepsleep_test_interval	56	static
../Core/Src/main.c:198:6:deepsleep_test_interrupt	8	static
../Core/Src/main.c:211:7:send16Bit	16	static
../Core/Src/main.c:218:7:recieve16Bit	16	static
../Core/Src/main.c:224:6:send_settings_spi	24	static
../Core/Src/main.c:249:11:receive_data_SPI	64	dynamic
../Core/Src/main.c:282:5:main	24	static
../Core/Src/main.c:373:6:SystemClock_Config	112	static
../Core/Src/main.c:424:6:PeriphCommonClock_Config	88	static
../Core/Src/main.c:448:13:MX_RTC_Init	8	static
../Core/Src/main.c:491:13:MX_SPI1_Init	8	static
../Core/Src/main.c:531:13:MX_GPIO_Init	32	static
../Core/Src/main.c:603:6:HAL_GPIO_EXTI_Callback	16	static,ignoring_inline_asm
../Core/Src/main.c:623:6:Error_Handler	4	static,ignoring_inline_asm
