../Drivers/STM32WBxx_HAL_Driver/Inc/stm32wbxx_ll_rcc.h:1679:22:LL_RCC_LSE_SetDriveCapability	16	static
../Drivers/STM32WBxx_HAL_Driver/Inc/stm32wbxx_ll_bus.h:539:22:LL_AHB2_GRP1_EnableClock	24	static
../Core/Src/main.c:87:6:load_and_print_data	272	static
../Core/Src/main.c:122:6:send_start_signal	8	static
../Core/Src/main.c:127:6:send_stop_signal	8	static
../Core/Src/main.c:132:6:lightsleep	56	static
../Core/Src/main.c:165:6:lightsleep_test_interrupt	8	static
../Core/Src/main.c:176:6:deepsleep_test_interval	56	static
../Core/Src/main.c:192:7:send16Bit	16	static
../Core/Src/main.c:199:7:recieve16Bit	16	static
../Core/Src/main.c:205:6:send_settings_spi	24	static
../Core/Src/main.c:230:11:receive_data_SPI	64	dynamic
../Core/Src/main.c:263:5:main	24	static
../Core/Src/main.c:345:6:SystemClock_Config	112	static
../Core/Src/main.c:396:6:PeriphCommonClock_Config	88	static
../Core/Src/main.c:420:13:MX_RTC_Init	8	static
../Core/Src/main.c:463:13:MX_SPI1_Init	8	static
../Core/Src/main.c:503:13:MX_GPIO_Init	32	static
../Core/Src/main.c:569:6:HAL_GPIO_EXTI_Callback	16	static,ignoring_inline_asm
../Core/Src/main.c:584:6:deepsleep_test	16	static
../Core/Src/main.c:596:6:Error_Handler	4	static,ignoring_inline_asm
