../Drivers/STM32WBxx_HAL_Driver/Inc/stm32wbxx_ll_rcc.h:1679:22:LL_RCC_LSE_SetDriveCapability	16	static
../Drivers/STM32WBxx_HAL_Driver/Inc/stm32wbxx_ll_bus.h:539:22:LL_AHB2_GRP1_EnableClock	24	static
../Core/Src/main.c:91:6:load_and_print_data	272	static
../Core/Src/main.c:126:6:send_start_signal	8	static
../Core/Src/main.c:131:6:send_stop_signal	8	static
../Core/Src/main.c:136:6:lightsleep_test_interval	56	static
../Core/Src/main.c:169:6:lightsleep_test_interrupt	8	static
../Core/Src/main.c:180:6:deepsleep_test_interval	56	static
../Core/Src/main.c:200:6:deepsleep_test_interrupt	8	static
../Core/Src/main.c:213:7:send16Bit	16	static
../Core/Src/main.c:220:7:recieve16Bit	16	static
../Core/Src/main.c:226:6:send_settings_spi	24	static
../Core/Src/main.c:251:11:receive_data_SPI	64	dynamic
../Core/Src/main.c:284:5:main	16	static
../Core/Src/main.c:376:6:SystemClock_Config	112	static
../Core/Src/main.c:427:6:PeriphCommonClock_Config	88	static
../Core/Src/main.c:451:13:MX_RTC_Init	8	static
../Core/Src/main.c:494:13:MX_SPI1_Init	8	static
../Core/Src/main.c:534:13:MX_GPIO_Init	32	static
../Core/Src/main.c:606:6:HAL_GPIO_EXTI_Callback	16	static,ignoring_inline_asm
../Core/Src/main.c:626:6:Error_Handler	4	static,ignoring_inline_asm
