09:40:58 **** Incremental Build of configuration Debug for project Controller ****
make -j12 all 
arm-none-eabi-gcc "../Core/Src/main.c" -mcpu=cortex-m4 -std=gnu11 -g3 -DDEBUG -DUSE_HAL_DRIVER -DSTM32WB55xx -c -I../Core/Inc -I../Drivers/STM32WBxx_HAL_Driver/Inc -I../Drivers/STM32WBxx_HAL_Driver/Inc/Legacy -I../Drivers/CMSIS/Device/ST/STM32WBxx/Include -I../Drivers/CMSIS/Include -O0 -ffunction-sections -fdata-sections -Wall -fstack-usage -fcyclomatic-complexity -MMD -MP -MF"Core/Src/main.d" -MT"Core/Src/main.o" --specs=nano.specs -mfpu=fpv4-sp-d16 -mfloat-abi=hard -mthumb -o "Core/Src/main.o"
../Core/Src/main.c: In function 'main':
../Core/Src/main.c:224:26: warning: passing argument 1 of 'testUsingInterrupts' from incompatible pointer type [-Wincompatible-pointer-types]
  224 |      testUsingInterrupts(&times);
      |                          ^~~~~~
      |                          |
      |                          struct TimeCapture (*)[(sizetype)(max_amount_of_runs)]
../Core/Src/main.c:143:46: note: expected 'struct TimeCapture *' but argument is of type 'struct TimeCapture (*)[(sizetype)(max_amount_of_runs)]'
  143 | void testUsingInterrupts(struct TimeCapture *times){
      |                          ~~~~~~~~~~~~~~~~~~~~^~~~~
../Core/Src/main.c:226:25: warning: passing argument 1 of 'calculateTestTimes' from incompatible pointer type [-Wincompatible-pointer-types]
  226 |      calculateTestTimes(&times, &test_times);
      |                         ^~~~~~
      |                         |
      |                         struct TimeCapture (*)[(sizetype)(max_amount_of_runs)]
../Core/Src/main.c:128:45: note: expected 'struct TimeCapture *' but argument is of type 'struct TimeCapture (*)[(sizetype)(max_amount_of_runs)]'
  128 | void calculateTestTimes(struct TimeCapture *data, uint32_t *times){
      |                         ~~~~~~~~~~~~~~~~~~~~^~~~
../Core/Src/main.c:226:33: warning: passing argument 2 of 'calculateTestTimes' from incompatible pointer type [-Wincompatible-pointer-types]
  226 |      calculateTestTimes(&times, &test_times);
      |                                 ^~~~~~~~~~~
      |                                 |
      |                                 uint32_t (*)[(sizetype)(max_amount_of_runs)] {aka long unsigned int (*)[(sizetype)(max_amount_of_runs)]}
../Core/Src/main.c:128:61: note: expected 'uint32_t *' {aka 'long unsigned int *'} but argument is of type 'uint32_t (*)[(sizetype)(max_amount_of_runs)]' {aka 'long unsigned int (*)[(sizetype)(max_amount_of_runs)]'}
  128 | void calculateTestTimes(struct TimeCapture *data, uint32_t *times){
      |                                                   ~~~~~~~~~~^~~~~
../Core/Src/main.c:230:25: warning: passing argument 1 of 'testUsingIntervals' from incompatible pointer type [-Wincompatible-pointer-types]
  230 |      testUsingIntervals(&times);
      |                         ^~~~~~
      |                         |
      |                         struct TimeCapture (*)[(sizetype)(max_amount_of_runs)]
../Core/Src/main.c:160:45: note: expected 'struct TimeCapture *' but argument is of type 'struct TimeCapture (*)[(sizetype)(max_amount_of_runs)]'
  160 | void testUsingIntervals(struct TimeCapture *times){
      |                         ~~~~~~~~~~~~~~~~~~~~^~~~~
../Core/Src/main.c:233:25: warning: passing argument 1 of 'calculateTestTimes' from incompatible pointer type [-Wincompatible-pointer-types]
  233 |      calculateTestTimes(&times, &test_times);
      |                         ^~~~~~
      |                         |
      |                         struct TimeCapture (*)[(sizetype)(max_amount_of_runs)]
../Core/Src/main.c:128:45: note: expected 'struct TimeCapture *' but argument is of type 'struct TimeCapture (*)[(sizetype)(max_amount_of_runs)]'
  128 | void calculateTestTimes(struct TimeCapture *data, uint32_t *times){
      |                         ~~~~~~~~~~~~~~~~~~~~^~~~
../Core/Src/main.c:233:33: warning: passing argument 2 of 'calculateTestTimes' from incompatible pointer type [-Wincompatible-pointer-types]
  233 |      calculateTestTimes(&times, &test_times);
      |                                 ^~~~~~~~~~~
      |                                 |
      |                                 uint32_t (*)[(sizetype)(max_amount_of_runs)] {aka long unsigned int (*)[(sizetype)(max_amount_of_runs)]}
../Core/Src/main.c:128:61: note: expected 'uint32_t *' {aka 'long unsigned int *'} but argument is of type 'uint32_t (*)[(sizetype)(max_amount_of_runs)]' {aka 'long unsigned int (*)[(sizetype)(max_amount_of_runs)]'}
  128 | void calculateTestTimes(struct TimeCapture *data, uint32_t *times){
      |                                                   ~~~~~~~~~~^~~~~
arm-none-eabi-gcc -o "Controller.elf" @"objects.list"   -mcpu=cortex-m4 -T"/home/albin/Documents/GitHub/ResponseTime_PowerConsumption/controller/Controller/STM32WB55RGVX_FLASH.ld" --specs=nosys.specs -Wl,-Map="Controller.map" -Wl,--gc-sections -static --specs=nano.specs -mfpu=fpv4-sp-d16 -mfloat-abi=hard -mthumb -Wl,--start-group -lc -lm -Wl,--end-group
Finished building target: Controller.elf
 
arm-none-eabi-size   Controller.elf 
arm-none-eabi-objdump -h -S  Controller.elf  > "Controller.list"
   text	   data	    bss	    dec	    hex	filename
  21832	    124	   2540	  24496	   5fb0	Controller.elf
Finished building: default.size.stdout
 
Finished building: Controller.list
 

09:40:58 Build Finished. 0 errors, 6 warnings. (took 574ms)

